Query: development 
score: 13 doc   4: http://old-www.cs.dartmouth.edu/~cs50/data/tse/wikipedia/wiki/Unix.html
score:  1 doc   3: http://old-www.cs.dartmouth.edu/~cs50/data/tse/wikipedia/wiki/Dartmouth_College.html
score:  8 doc   6: http://old-www.cs.dartmouth.edu/~cs50/data/tse/wikipedia/wiki/Computer_science.html
score:  9 doc   5: http://old-www.cs.dartmouth.edu/~cs50/data/tse/wikipedia/wiki/C_(programming_language).html
Query: every 
score:  6 doc   1: http://old-www.cs.dartmouth.edu/~cs50/data/tse/wikipedia/wiki/Linked_list.html
score:  4 doc   2: http://old-www.cs.dartmouth.edu/~cs50/data/tse/wikipedia/wiki/Hash_table.html
score:  1 doc   3: http://old-www.cs.dartmouth.edu/~cs50/data/tse/wikipedia/wiki/Dartmouth_College.html
score:  2 doc   6: http://old-www.cs.dartmouth.edu/~cs50/data/tse/wikipedia/wiki/Computer_science.html
score:  1 doc   5: http://old-www.cs.dartmouth.edu/~cs50/data/tse/wikipedia/wiki/C_(programming_language).html
Query: return 
score: 12 doc   5: http://old-www.cs.dartmouth.edu/~cs50/data/tse/wikipedia/wiki/C_(programming_language).html
score:  3 doc   3: http://old-www.cs.dartmouth.edu/~cs50/data/tse/wikipedia/wiki/Dartmouth_College.html
score:  1 doc   1: http://old-www.cs.dartmouth.edu/~cs50/data/tse/wikipedia/wiki/Linked_list.html
score:  1 doc   4: http://old-www.cs.dartmouth.edu/~cs50/data/tse/wikipedia/wiki/Unix.html
Query: flow 
score:  4 doc   5: http://old-www.cs.dartmouth.edu/~cs50/data/tse/wikipedia/wiki/C_(programming_language).html
score:  3 doc   3: http://old-www.cs.dartmouth.edu/~cs50/data/tse/wikipedia/wiki/Dartmouth_College.html
score:  3 doc   6: http://old-www.cs.dartmouth.edu/~cs50/data/tse/wikipedia/wiki/Computer_science.html
score:  2 doc   2: http://old-www.cs.dartmouth.edu/~cs50/data/tse/wikipedia/wiki/Hash_table.html
score:  2 doc   4: http://old-www.cs.dartmouth.edu/~cs50/data/tse/wikipedia/wiki/Unix.html
score:  2 doc   1: http://old-www.cs.dartmouth.edu/~cs50/data/tse/wikipedia/wiki/Linked_list.html
Query: return and development 
score:  9 doc   5: http://old-www.cs.dartmouth.edu/~cs50/data/tse/wikipedia/wiki/C_(programming_language).html
score:  1 doc   4: http://old-www.cs.dartmouth.edu/~cs50/data/tse/wikipedia/wiki/Unix.html
score:  1 doc   3: http://old-www.cs.dartmouth.edu/~cs50/data/tse/wikipedia/wiki/Dartmouth_College.html
Query: flow and return 
score:  4 doc   5: http://old-www.cs.dartmouth.edu/~cs50/data/tse/wikipedia/wiki/C_(programming_language).html
score:  3 doc   3: http://old-www.cs.dartmouth.edu/~cs50/data/tse/wikipedia/wiki/Dartmouth_College.html
score:  1 doc   1: http://old-www.cs.dartmouth.edu/~cs50/data/tse/wikipedia/wiki/Linked_list.html
score:  1 doc   4: http://old-www.cs.dartmouth.edu/~cs50/data/tse/wikipedia/wiki/Unix.html
Query: flow or every 
score:  8 doc   1: http://old-www.cs.dartmouth.edu/~cs50/data/tse/wikipedia/wiki/Linked_list.html
score:  6 doc   2: http://old-www.cs.dartmouth.edu/~cs50/data/tse/wikipedia/wiki/Hash_table.html
score:  4 doc   3: http://old-www.cs.dartmouth.edu/~cs50/data/tse/wikipedia/wiki/Dartmouth_College.html
score:  5 doc   6: http://old-www.cs.dartmouth.edu/~cs50/data/tse/wikipedia/wiki/Computer_science.html
score:  5 doc   5: http://old-www.cs.dartmouth.edu/~cs50/data/tse/wikipedia/wiki/C_(programming_language).html
score:  2 doc   4: http://old-www.cs.dartmouth.edu/~cs50/data/tse/wikipedia/wiki/Unix.html
Query: development or every and return 
score: 13 doc   4: http://old-www.cs.dartmouth.edu/~cs50/data/tse/wikipedia/wiki/Unix.html
score:  2 doc   3: http://old-www.cs.dartmouth.edu/~cs50/data/tse/wikipedia/wiki/Dartmouth_College.html
score:  8 doc   6: http://old-www.cs.dartmouth.edu/~cs50/data/tse/wikipedia/wiki/Computer_science.html
score: 10 doc   5: http://old-www.cs.dartmouth.edu/~cs50/data/tse/wikipedia/wiki/C_(programming_language).html
score:  1 doc   1: http://old-www.cs.dartmouth.edu/~cs50/data/tse/wikipedia/wiki/Linked_list.html
